// Jest Snapshot v1, https://goo.gl/fbAQLP

exports[`FILEINFO_CASA: Testing if info of an CASA image file is correctly delivered by the backend Go to "set_QA" folder query the info of file : M17_SWex.image assert FILE_INFO_RESPONSE.file_info_extended.computed_entries 1`] = `
Array [
  Object {
    "name": "Name",
    "value": "M17_SWex.image",
  },
  Object {
    "name": "Shape",
    "value": "[640, 800, 25, 1]",
  },
  Object {
    "entryType": "INT",
    "name": "Number of channels",
    "numericValue": 25,
    "value": "25",
  },
  Object {
    "entryType": "INT",
    "name": "Number of polarizations",
    "numericValue": 1,
    "value": "1",
  },
  Object {
    "name": "Coordinate type",
    "value": "Right Ascension, Declination",
  },
  Object {
    "name": "Projection",
    "value": "SIN",
  },
  Object {
    "name": "Image reference pixels",
    "value": "[321, 401]",
  },
  Object {
    "name": "Image reference coords",
    "value": "[18:20:21.0000, -016.12.10.0000]",
  },
  Object {
    "name": "Image ref coords (deg)",
    "value": "[275.088 deg, -16.2028 deg]",
  },
  Object {
    "name": "Pixel increment",
    "value": "-0.4\\", 0.4\\"",
  },
  Object {
    "name": "Pixel unit",
    "value": "Jy/beam",
  },
  Object {
    "name": "Celestial frame",
    "value": "ICRS",
  },
  Object {
    "name": "Spectral frame",
    "value": "LSRK",
  },
  Object {
    "name": "Velocity definition",
    "value": "RADIO",
  },
  Object {
    "name": "Restoring beam",
    "value": "2.06105\\" X 1.49126\\", -74.6267 deg",
  },
]
`;

exports[`FILEINFO_CASA: Testing if info of an CASA image file is correctly delivered by the backend Go to "set_QA" folder query the info of file : M17_SWex.image assert FILE_INFO_RESPONSE.file_info_extended.header_entries 1`] = `
Array [
  Object {
    "comment": "IMAGE extension",
    "name": "XTENSION",
    "value": "IMAGE",
  },
  Object {
    "comment": "Floating point (32 bit)",
    "entryType": "INT",
    "name": "BITPIX",
    "numericValue": -32,
    "value": "-32",
  },
  Object {
    "entryType": "INT",
    "name": "NAXIS",
    "numericValue": 4,
    "value": "4",
  },
  Object {
    "entryType": "INT",
    "name": "NAXIS1",
    "numericValue": 640,
    "value": "640",
  },
  Object {
    "entryType": "INT",
    "name": "NAXIS2",
    "numericValue": 800,
    "value": "800",
  },
  Object {
    "entryType": "INT",
    "name": "NAXIS3",
    "numericValue": 25,
    "value": "25",
  },
  Object {
    "entryType": "INT",
    "name": "NAXIS4",
    "numericValue": 1,
    "value": "1",
  },
  Object {
    "entryType": "INT",
    "name": "PCOUNT",
    "value": "0",
  },
  Object {
    "entryType": "INT",
    "name": "GCOUNT",
    "numericValue": 1,
    "value": "1",
  },
  Object {
    "comment": "PHYSICAL = PIXEL*BSCALE + BZERO",
    "entryType": "FLOAT",
    "name": "BSCALE",
    "numericValue": 1,
    "value": "1.000000000000E+00",
  },
  Object {
    "entryType": "FLOAT",
    "name": "BZERO",
    "value": "0.000000000000E+00",
  },
  Object {
    "entryType": "FLOAT",
    "name": "BMAJ",
    "numericValue": 0.0005725136068132,
    "value": "5.725136068132E-04",
  },
  Object {
    "entryType": "FLOAT",
    "name": "BMIN",
    "numericValue": 0.0004142385721207,
    "value": "4.142385721207E-04",
  },
  Object {
    "entryType": "FLOAT",
    "name": "BPA",
    "numericValue": -74.62673187256,
    "value": "-7.462673187256E+01",
  },
  Object {
    "name": "BTYPE",
    "value": "Intensity",
  },
  Object {
    "name": "OBJECT",
    "value": "M17SW",
  },
  Object {
    "comment": "Brightness (pixel) unit",
    "name": "BUNIT",
    "value": "Jy/beam",
  },
  Object {
    "name": "RADESYS",
    "value": "ICRS",
  },
  Object {
    "entryType": "FLOAT",
    "name": "LONPOLE",
    "numericValue": 180,
    "value": "1.800000000000E+02",
  },
  Object {
    "entryType": "FLOAT",
    "name": "LATPOLE",
    "numericValue": -16.20277777779,
    "value": "-1.620277777779E+01",
  },
  Object {
    "entryType": "FLOAT",
    "name": "PC1_1",
    "numericValue": 1,
    "value": "1.000000000000E+00",
  },
  Object {
    "entryType": "FLOAT",
    "name": "PC2_1",
    "value": "0.000000000000E+00",
  },
  Object {
    "entryType": "FLOAT",
    "name": "PC3_1",
    "value": "0.000000000000E+00",
  },
  Object {
    "entryType": "FLOAT",
    "name": "PC4_1",
    "value": "0.000000000000E+00",
  },
  Object {
    "entryType": "FLOAT",
    "name": "PC1_2",
    "value": "0.000000000000E+00",
  },
  Object {
    "entryType": "FLOAT",
    "name": "PC2_2",
    "numericValue": 1,
    "value": "1.000000000000E+00",
  },
  Object {
    "entryType": "FLOAT",
    "name": "PC3_2",
    "value": "0.000000000000E+00",
  },
  Object {
    "entryType": "FLOAT",
    "name": "PC4_2",
    "value": "0.000000000000E+00",
  },
  Object {
    "entryType": "FLOAT",
    "name": "PC1_3",
    "value": "0.000000000000E+00",
  },
  Object {
    "entryType": "FLOAT",
    "name": "PC2_3",
    "value": "0.000000000000E+00",
  },
  Object {
    "entryType": "FLOAT",
    "name": "PC3_3",
    "numericValue": 1,
    "value": "1.000000000000E+00",
  },
  Object {
    "entryType": "FLOAT",
    "name": "PC4_3",
    "value": "0.000000000000E+00",
  },
  Object {
    "entryType": "FLOAT",
    "name": "PC1_4",
    "value": "0.000000000000E+00",
  },
  Object {
    "entryType": "FLOAT",
    "name": "PC2_4",
    "value": "0.000000000000E+00",
  },
  Object {
    "entryType": "FLOAT",
    "name": "PC3_4",
    "value": "0.000000000000E+00",
  },
  Object {
    "entryType": "FLOAT",
    "name": "PC4_4",
    "numericValue": 1,
    "value": "1.000000000000E+00",
  },
  Object {
    "name": "CTYPE1",
    "value": "RA---SIN",
  },
  Object {
    "entryType": "FLOAT",
    "name": "CRVAL1",
    "numericValue": 275.0875000001,
    "value": "2.750875000001E+02",
  },
  Object {
    "entryType": "FLOAT",
    "name": "CDELT1",
    "numericValue": -0.00011111111111110002,
    "value": "-1.111111111111E-04",
  },
  Object {
    "entryType": "FLOAT",
    "name": "CRPIX1",
    "numericValue": 321,
    "value": "321",
  },
  Object {
    "name": "CUNIT1",
    "value": "deg",
  },
  Object {
    "name": "CTYPE2",
    "value": "DEC--SIN",
  },
  Object {
    "entryType": "FLOAT",
    "name": "CRVAL2",
    "numericValue": -16.20277777779,
    "value": "-1.620277777779E+01",
  },
  Object {
    "entryType": "FLOAT",
    "name": "CDELT2",
    "numericValue": 0.00011111111111110002,
    "value": "1.111111111111E-04",
  },
  Object {
    "entryType": "FLOAT",
    "name": "CRPIX2",
    "numericValue": 401,
    "value": "401",
  },
  Object {
    "name": "CUNIT2",
    "value": "deg",
  },
  Object {
    "name": "CTYPE3",
    "value": "FREQ",
  },
  Object {
    "entryType": "FLOAT",
    "name": "CRVAL3",
    "numericValue": 86751396188.4,
    "value": "8.675139618840E+10",
  },
  Object {
    "entryType": "FLOAT",
    "name": "CDELT3",
    "numericValue": -244237.7011414,
    "value": "-2.442377011414E+05",
  },
  Object {
    "entryType": "FLOAT",
    "name": "CRPIX3",
    "numericValue": 1,
    "value": "1",
  },
  Object {
    "name": "CUNIT3",
    "value": "Hz",
  },
  Object {
    "name": "CTYPE4",
    "value": "STOKES",
  },
  Object {
    "entryType": "FLOAT",
    "name": "CRVAL4",
    "numericValue": 1,
    "value": "1.000000000000E+00",
  },
  Object {
    "entryType": "FLOAT",
    "name": "CDELT4",
    "numericValue": 1,
    "value": "1.000000000000E+00",
  },
  Object {
    "entryType": "FLOAT",
    "name": "CRPIX4",
    "numericValue": 1,
    "value": "1",
  },
  Object {
    "name": "CUNIT4",
  },
  Object {
    "entryType": "FLOAT",
    "name": "PV2_1",
    "value": "0.000000000000E+00",
  },
  Object {
    "entryType": "FLOAT",
    "name": "PV2_2",
    "value": "0.000000000000E+00",
  },
  Object {
    "comment": "Rest Frequency (Hz)",
    "entryType": "FLOAT",
    "name": "RESTFRQ",
    "numericValue": 86754290000,
    "value": "8.675429000000E+10",
  },
  Object {
    "comment": "Spectral reference frame",
    "name": "SPECSYS",
    "value": "LSRK",
  },
  Object {
    "entryType": "FLOAT",
    "name": "ALTRVAL",
    "numericValue": 9999.99991417096,
    "value": "9.999999914171E+03",
  },
  Object {
    "entryType": "FLOAT",
    "name": "ALTRPIX",
    "numericValue": 1,
    "value": "1",
  },
  Object {
    "comment": "1 LSR, 2 HEL, 3 OBS, +256 Radio",
    "entryType": "INT",
    "name": "VELREF",
    "numericValue": 257,
    "value": "257",
  },
  Object {
    "name": "TELESCOP",
    "value": "ALMA",
  },
  Object {
    "name": "OBSERVER",
    "value": "sishii",
  },
  Object {
    "name": "DATE-OBS",
    "value": "2016-04-03T13:02:58.800000",
  },
  Object {
    "name": "TIMESYS",
    "value": "UTC",
  },
  Object {
    "entryType": "FLOAT",
    "name": "OBSRA",
    "numericValue": 275.0875000001,
    "value": "2.750875000001E+02",
  },
  Object {
    "entryType": "FLOAT",
    "name": "OBSDEC",
    "numericValue": -16.202777777790004,
    "value": "-1.620277777779E+01",
  },
  Object {
    "entryType": "FLOAT",
    "name": "OBSGEO-X",
    "numericValue": 2225142.1802689997,
    "value": "2.225142180269E+06",
  },
  Object {
    "entryType": "FLOAT",
    "name": "OBSGEO-Y",
    "numericValue": -5440307.370349,
    "value": "-5.440307370349E+06",
  },
  Object {
    "entryType": "FLOAT",
    "name": "OBSGEO-Z",
    "numericValue": -2481029.851874,
    "value": "-2.481029851874E+06",
  },
]
`;
